Checking immutable production artifacts (including all 30 weights)...
{"device": "NVIDIA GeForce RTX 5080 Laptop GPU", "torch_version": "2.10.0+cu130", "cuda_version": "13.0", "precision": "FP32"}
Benchmarking audio
  repeat 1: GPU 11.161 ms, wall 10.234 ms/sample
  repeat 2: GPU 10.526 ms, wall 9.652 ms/sample
  repeat 3: GPU 10.396 ms, wall 9.533 ms/sample
  params 94,978,680; mult-adds 7417048936; latency 10.694 ms
Benchmarking video
  repeat 1: GPU 3.547 ms, wall 3.255 ms/sample
  repeat 2: GPU 3.654 ms, wall 3.356 ms/sample
  repeat 3: GPU 3.535 ms, wall 3.245 ms/sample
  params 11,180,616; mult-adds 3878861832; latency 3.579 ms
Benchmarking gated
  repeat 1: GPU 14.047 ms, wall 12.882 ms/sample
  repeat 2: GPU 14.112 ms, wall 12.941 ms/sample
  repeat 3: GPU 14.118 ms, wall 12.948 ms/sample
  params 106,621,129; mult-adds 11295771753; latency 14.092 ms
Benchmarking xattn
  repeat 1: GPU 14.268 ms, wall 13.086 ms/sample
  repeat 2: GPU 14.546 ms, wall 13.340 ms/sample
  repeat 3: GPU 14.209 ms, wall 13.033 ms/sample
  params 106,607,241; mult-adds 11295462089; latency 14.341 ms
Benchmarking chumachenko_ia
  repeat 1: GPU 14.048 ms, wall 12.883 ms/sample
  repeat 2: GPU 14.217 ms, wall 13.039 ms/sample
  repeat 3: GPU 14.393 ms, wall 13.199 ms/sample
  params 106,390,984; mult-adds 11295541608; latency 14.219 ms
Rechecking all production hashes/mtimes and package/source provenance...
PASS: five actual best checkpoints benchmarked; all production bytes/mtimes unchanged.
